// Jest Snapshot v1, https://goo.gl/fbAQLP

exports[`Response Shape Snapshots matches the snapshot for a complex launch query 1`] = `
{
  "launch": {
    "id": "5eb87cd9ffd86e000604b32a",
    "launch_year": "2006",
    "mission_name": "FalconSat",
    "rocket": {
      "rocket_name": "Falcon 1",
      "rocket_type": "Merlin A",
    },
  },
}
`;
